// Jest Snapshot v1, https://goo.gl/fbAQLP

exports[`globalStyle test should render correctly 1`] = `<div />`;
